Fun: rawr
Reach: { rawr }
 > rawr

Fun: main
Reach: { print rawr }
 > rawr
 > print

