Program
  List
    Fun
      TypeDecl Type="int"
      IdDecl Decl="gcd1"
      Param
        List
          ParamDecl
            TypeDecl Type="int"
            IdDecl Decl="a"
          ParamDecl
            TypeDecl Type="int"
            IdDecl Decl="b"
      Block
        List
          WhileStmt
            NotEqual
              ID ID="a"
              ID ID="b"
            Block
              List
                IfStmt
                  Greater
                    ID ID="a"
                    ID ID="b"
                  Block
                    List
                      AssignStmt
                        ID ID="a"
                        Sub
                          ID ID="a"
                          ID ID="b"
                  Opt
                    Block
                      List
                        AssignStmt
                          ID ID="b"
                          Sub
                            ID ID="b"
                            ID ID="a"
                DeclStmt
                  TypeDecl Type="int"
                  IdDecl Decl="k"
                  Opt
                    Literal NUMERAL="2"
          ReturnStmt
            ID ID="a"
