Error at line 3: Incompatible types!
Error at line 17: Incompatible types!
Error at line 18: Incompatible types!
Error at line 19: Incompatible types!
Error at line 21: Incompatible types!
And other stuff, should fail atm.
