Error at line 8: symbol 'a' is a function!
Error at line 9: symbol 'c' is not a function!
