Error at line 13: symbol 'k' is already declared!
