Program
  List
    Fun
      IntType ID="int"
      IdDecl ID="addmul"
      Param
        List
      Block
        List
          DeclStmt
            IntType ID="int"
            IdDecl ID="x"
            Opt
          DeclStmt
            IntType ID="int"
            IdDecl ID="y"
            Opt
          DeclStmt
            IntType ID="int"
            IdDecl ID="k"
            Opt
          AssignStmt
            IdUse ID="k"
            Plus
              Mul
                IdUse ID="x"
                IdUse ID="y"
              Literal NUMERAL="3"
